// Jest Snapshot v1, https://goo.gl/fbAQLP

exports[`Footer renders component and compare with snapshot 1`] = `
<div>
  <h4>
    Data Provided by IQAir
  </h4>
</div>
`;
