// Jest Snapshot v1, https://goo.gl/fbAQLP

exports[`Header renders component and compare with snapshot 1`] = `
<div
  className="root"
>
  <img
    src="test-file-stub"
  />
</div>
`;
