// Jest Snapshot v1, https://goo.gl/fbAQLP

exports[`Fetch Error renders component and compare with snapshot 1`] = `
<div>
  <h4>
    Something went wrong. Most probably data is not availbale for the country selected
  </h4>
</div>
`;
